---
source: exn/tests/simple.rs
expression: e6
---
E6, at exn/tests/simple.rs:61:14
|
|-> E5, at exn/tests/simple.rs:53:14
|   |
|   |-> E3, at exn/tests/simple.rs:45:17
|   |   |
|   |   |-> E1, at exn/tests/simple.rs:44:32
|   |
|   |-> E10, at exn/tests/simple.rs:48:18
|   |   |
|   |   |-> E9, at exn/tests/simple.rs:47:32
|   |
|   |-> E12, at exn/tests/simple.rs:51:19
|       |
|       |-> E11, at exn/tests/simple.rs:50:34
|
|-> E4, at exn/tests/simple.rs:56:17
|   |
|   |-> E2, at exn/tests/simple.rs:55:32
|
|-> E8, at exn/tests/simple.rs:59:17
    |
    |-> E7, at exn/tests/simple.rs:58:32
